
Running 5 tests using 1 worker

Success screenshot captured and embedded in report: login-success-cloudportal
  Γ£ô  1 [chromium] ΓÇ║ tests\regression\TC-FULL-WORKFLOW.spec.ts:54:9 ΓÇ║ Regression - Full Workflow ΓÇ║ Test Case 1: Cloud Portal Login (20.4s)
Success screenshot captured and embedded in report: products-tab-highlighted
Failure video saved to: C:\Users\udud\source\repos\Addo.Automation.CloudPortal\videos\TC-FULL-WORKFLOW-failed-chromium.webm
  Γ£ÿ  2 [chromium] ΓÇ║ tests\regression\TC-FULL-WORKFLOW.spec.ts:58:9 ΓÇ║ Regression - Full Workflow ΓÇ║ Test Case 2: Product Creation (10.2m)
  -  3 [chromium] ΓÇ║ tests\regression\TC-FULL-WORKFLOW.spec.ts:62:9 ΓÇ║ Regression - Full Workflow ΓÇ║ Test Case 3: Customer Creation
  -  4 [chromium] ΓÇ║ tests\regression\TC-FULL-WORKFLOW.spec.ts:66:9 ΓÇ║ Regression - Full Workflow ΓÇ║ Test Case 4: Subscription Creation
  -  5 [chromium] ΓÇ║ tests\regression\TC-FULL-WORKFLOW.spec.ts:70:9 ΓÇ║ Regression - Full Workflow ΓÇ║ Test Case 5: User Management


  1) [chromium] ΓÇ║ tests\regression\TC-FULL-WORKFLOW.spec.ts:58:9 ΓÇ║ Regression - Full Workflow ΓÇ║ Test Case 2: Product Creation ΓÇ║ Step 2: Clean up existing product (if exists) ΓÇ║ Cleanup: Delete product if exists: TestProduct_0001 

    [31mTest timeout of 600000ms exceeded.[39m

    Error: locator.fill: Target page, context or browser has been closed
    Call log:
    [2m  - waiting for locator('input[placeholder="Search"]')[22m


       at ..\pages\ProductPage.ts:199

      197 |             }
      198 |             
    > 199 |             await searchBox.fill('');
          |                             ^
      200 |             await searchBox.press('Enter');
      201 |             await this.waitForLoading();
      202 |         });
        at C:\Users\udud\source\repos\Addo.Automation.CloudPortal\pages\ProductPage.ts:199:29
        at ProductPage.deleteProductIfExists (C:\Users\udud\source\repos\Addo.Automation.CloudPortal\pages\ProductPage.ts:181:9)
        at C:\Users\udud\source\repos\Addo.Automation.CloudPortal\tests\reusable-steps.ts:25:9
        at runProductCreationFlow (C:\Users\udud\source\repos\Addo.Automation.CloudPortal\tests\reusable-steps.ts:24:5)
        at C:\Users\udud\source\repos\Addo.Automation.CloudPortal\tests\regression\TC-FULL-WORKFLOW.spec.ts:59:9

    attachment #2: screenshot (image/png) ΓöÇΓöÇΓöÇΓöÇΓöÇΓöÇΓöÇΓöÇΓöÇΓöÇΓöÇΓöÇΓöÇΓöÇΓöÇΓöÇΓöÇΓöÇΓöÇΓöÇΓöÇΓöÇΓöÇΓöÇΓöÇΓöÇΓöÇΓöÇΓöÇΓöÇΓöÇΓöÇΓöÇΓöÇΓöÇΓöÇΓöÇΓöÇΓöÇΓöÇΓöÇΓöÇΓöÇΓöÇΓöÇΓöÇΓöÇΓöÇΓöÇΓöÇΓöÇΓöÇΓöÇΓöÇΓöÇΓöÇΓöÇΓöÇ
    test-results\regression-TC-FULL-WORKFLO-17ded-est-Case-2-Product-Creation-chromium\test-failed-1.png
    ΓöÇΓöÇΓöÇΓöÇΓöÇΓöÇΓöÇΓöÇΓöÇΓöÇΓöÇΓöÇΓöÇΓöÇΓöÇΓöÇΓöÇΓöÇΓöÇΓöÇΓöÇΓöÇΓöÇΓöÇΓöÇΓöÇΓöÇΓöÇΓöÇΓöÇΓöÇΓöÇΓöÇΓöÇΓöÇΓöÇΓöÇΓöÇΓöÇΓöÇΓöÇΓöÇΓöÇΓöÇΓöÇΓöÇΓöÇΓöÇΓöÇΓöÇΓöÇΓöÇΓöÇΓöÇΓöÇΓöÇΓöÇΓöÇΓöÇΓöÇΓöÇΓöÇΓöÇΓöÇΓöÇΓöÇΓöÇΓöÇΓöÇΓöÇΓöÇΓöÇΓöÇΓöÇΓöÇΓöÇΓöÇΓöÇΓöÇΓöÇΓöÇΓöÇΓöÇΓöÇΓöÇΓöÇΓöÇΓöÇΓöÇΓöÇΓöÇΓöÇΓöÇΓöÇΓöÇΓöÇ

    attachment #3: failure-video (video/webm) ΓöÇΓöÇΓöÇΓöÇΓöÇΓöÇΓöÇΓöÇΓöÇΓöÇΓöÇΓöÇΓöÇΓöÇΓöÇΓöÇΓöÇΓöÇΓöÇΓöÇΓöÇΓöÇΓöÇΓöÇΓöÇΓöÇΓöÇΓöÇΓöÇΓöÇΓöÇΓöÇΓöÇΓöÇΓöÇΓöÇΓöÇΓöÇΓöÇΓöÇΓöÇΓöÇΓöÇΓöÇΓöÇΓöÇΓöÇΓöÇΓöÇΓöÇΓöÇΓöÇΓöÇΓöÇ
    test-results\regression-TC-FULL-WORKFLO-17ded-est-Case-2-Product-Creation-chromium\attachments\failure-video-d1986bd3ddde32b3b4463f0a1a2742a29daa99dc.webm
    ΓöÇΓöÇΓöÇΓöÇΓöÇΓöÇΓöÇΓöÇΓöÇΓöÇΓöÇΓöÇΓöÇΓöÇΓöÇΓöÇΓöÇΓöÇΓöÇΓöÇΓöÇΓöÇΓöÇΓöÇΓöÇΓöÇΓöÇΓöÇΓöÇΓöÇΓöÇΓöÇΓöÇΓöÇΓöÇΓöÇΓöÇΓöÇΓöÇΓöÇΓöÇΓöÇΓöÇΓöÇΓöÇΓöÇΓöÇΓöÇΓöÇΓöÇΓöÇΓöÇΓöÇΓöÇΓöÇΓöÇΓöÇΓöÇΓöÇΓöÇΓöÇΓöÇΓöÇΓöÇΓöÇΓöÇΓöÇΓöÇΓöÇΓöÇΓöÇΓöÇΓöÇΓöÇΓöÇΓöÇΓöÇΓöÇΓöÇΓöÇΓöÇΓöÇΓöÇΓöÇΓöÇΓöÇΓöÇΓöÇΓöÇΓöÇΓöÇΓöÇΓöÇΓöÇΓöÇΓöÇ

    Error Context: test-results\regression-TC-FULL-WORKFLO-17ded-est-Case-2-Product-Creation-chromium\error-context.md

  1 failed
    [chromium] ΓÇ║ tests\regression\TC-FULL-WORKFLOW.spec.ts:58:9 ΓÇ║ Regression - Full Workflow ΓÇ║ Test Case 2: Product Creation 
  3 did not run
  1 passed (10.6m)

To open last HTML report run:
[36m[39m
[36m  npx playwright show-report reports\html-report[39m
[36m[39m
